Microsoft Windows [Version 10.0.18363.1256]
(c) 2019 Microsoft Corporation. All rights reserved.

C:\Users\JIHYE>git --version
git version 2.23.0.windows.1

C:\Users\JIHYE>git update-git-for-windows
Git for Windows 2.23.0.windows.1 (64bit)
Update 2.30.0.windows.1 is available
Download and install Git for Windows 2.30.0 [N/y]? y
################################################################################################################ 100.0%-################################################################################################################ 100.0%

C:\Users\JIHYE>git config --list
http.sslcainfo=C:/Program Files/Git/mingw64/ssl/certs/ca-bundle.crt
http.sslbackend=openssl
diff.astextplain.textconv=astextplain
filter.lfs.clean=git-lfs clean -- %f
filter.lfs.smudge=git-lfs smudge -- %f
filter.lfs.process=git-lfs filter-process
filter.lfs.required=true
credential.helper=manager-core
core.autocrlf=true
core.fscache=true
core.symlinks=false
pull.rebase=false
credential.https://dev.azure.com.usehttppath=true
init.defaultbranch=master
user.email=wisdo0115@gmail.com
user.name=JIHYE
filter.lfs.clean=git-lfs clean -- %f
filter.lfs.smudge=git-lfs smudge -- %f
filter.lfs.process=git-lfs filter-process
filter.lfs.required=true
core.autocrlf=true

C:\Users\JIHYE>git config user.name
JIHYE

C:\Users\JIHYE>git config user.email
wisdo0115@gmail.com

C:\Users\JIHYE>git config --global core.autocrlf true

C:\Users\JIHYE>cd Desktop

C:\Users\JIHYE\Desktop>mkdir projects

C:\Users\JIHYE\Desktop>mkdir python_basic

C:\Users\JIHYE\Desktop>cd projects

C:\Users\JIHYE\Desktop\projects>mkdir python_basic

C:\Users\JIHYE\Desktop\projects>cd python_basic

C:\Users\JIHYE\Desktop\projects\python_basic>ls -al
'ls'은(는) 내부 또는 외부 명령, 실행할 수 있는 프로그램, 또는
배치 파일이 아닙니다.

C:\Users\JIHYE\Desktop\projects\python_basic>git init
Initialized empty Git repository in C:/Users/JIHYE/Desktop/projects/python_basic/.git/

C:\Users\JIHYE\Desktop\projects\python_basic>dir
 C 드라이브의 볼륨에는 이름이 없습니다.
 볼륨 일련 번호: 7C19-5A8B

 C:\Users\JIHYE\Desktop\projects\python_basic 디렉터리

2021-01-07  오후 04:08    <DIR>          .
2021-01-07  오후 04:08    <DIR>          ..
               0개 파일                   0 바이트
               2개 디렉터리  78,600,974,336 바이트 남음

C:\Users\JIHYE\Desktop\projects\python_basic>dir -al
 C 드라이브의 볼륨에는 이름이 없습니다.
 볼륨 일련 번호: 7C19-5A8B

 C:\Users\JIHYE\Desktop\projects\python_basic 디렉터리

파일을 찾을 수 없습니다.

C:\Users\JIHYE\Desktop\projects\python_basic>open .git
'open'은(는) 내부 또는 외부 명령, 실행할 수 있는 프로그램, 또는
배치 파일이 아닙니다.

C:\Users\JIHYE\Desktop\projects\python_basic>start .git

C:\Users\JIHYE\Desktop\projects\python_basic>explorer .git

C:\Users\JIHYE\Desktop\projects\python_basic>git status
On branch master

No commits yet

nothing to commit (create/copy files and use "git add" to track)

C:\Users\JIHYE\Desktop\projects\python_basic>echo hello world! > a.txt

C:\Users\JIHYE\Desktop\projects\python_basic>dir
 C 드라이브의 볼륨에는 이름이 없습니다.
 볼륨 일련 번호: 7C19-5A8B

 C:\Users\JIHYE\Desktop\projects\python_basic 디렉터리

2021-01-07  오후 04:17    <DIR>          .
2021-01-07  오후 04:17    <DIR>          ..
2021-01-07  오후 04:17                15 a.txt
               1개 파일                  15 바이트
               2개 디렉터리  78,591,987,712 바이트 남음

C:\Users\JIHYE\Desktop\projects\python_basic>git status
On branch master

No commits yet

Untracked files:
  (use "git add <file>..." to include in what will be committed)
        a.txt

nothing added to commit but untracked files present (use "git add" to track)

C:\Users\JIHYE\Desktop\projects\python_basic>git add a.txt

C:\Users\JIHYE\Desktop\projects\python_basic>git status
On branch master

No commits yet

Changes to be committed:
  (use "git rm --cached <file>..." to unstage)
        new file:   a.txt

C:\Users\JIHYE\Desktop\projects\python_basic>echo jihye >> a.txt

C:\Users\JIHYE\Desktop\projects\python_basic>git status
On branch master

No commits yet

Changes to be committed:
  (use "git rm --cached <file>..." to unstage)
        new file:   a.txt

Changes not staged for commit:
  (use "git add <file>..." to update what will be committed)
  (use "git restore <file>..." to discard changes in working directory)
        modified:   a.txt


C:\Users\JIHYE\Desktop\projects\python_basic>git add a.txt

C:\Users\JIHYE\Desktop\projects\python_basic>git rm --cached *
rm 'a.txt'

C:\Users\JIHYE\Desktop\projects\python_basic>git status
On branch master

No commits yet

Untracked files:
  (use "git add <file>..." to include in what will be committed)
        a.txt

nothing added to commit but untracked files present (use "git add" to track)

C:\Users\JIHYE\Desktop\projects\python_basic>git add *.txt

C:\Users\JIHYE\Desktop\projects\python_basic>git status
On branch master

No commits yet

Changes to be committed:
  (use "git rm --cached <file>..." to unstage)
        new file:   a.txt


C:\Users\JIHYE\Desktop\projects\python_basic>git */.ipynb_checkpoints/* > .gitignore
git: '*/.ipynb_checkpoints/*' is not a git command. See 'git --help'.

C:\Users\JIHYE\Desktop\projects\python_basic>git status
On branch master

No commits yet

Changes to be committed:
  (use "git rm --cached <file>..." to unstage)
        new file:   a.txt

Untracked files:
  (use "git add <file>..." to include in what will be committed)
        .gitignore


C:\Users\JIHYE\Desktop\projects\python_basic>git status -s
A  a.txt
?? .gitignore

C:\Users\JIHYE\Desktop\projects\python_basic>echo add >> a.txt

C:\Users\JIHYE\Desktop\projects\python_basic>git status -s
AM a.txt
?? .gitignore

C:\Users\JIHYE\Desktop\projects\python_basic>git status
On branch master

No commits yet

Changes to be committed:
  (use "git rm --cached <file>..." to unstage)
        new file:   a.txt

Changes not staged for commit:
  (use "git add <file>..." to update what will be committed)
  (use "git restore <file>..." to discard changes in working directory)
        modified:   a.txt

Untracked files:
  (use "git add <file>..." to include in what will be committed)
        .gitignore


C:\Users\JIHYE\Desktop\projects\python_basic>git diff
diff --git a/a.txt b/a.txt
index 4dcc81e..949ac49 100644
--- a/a.txt
+++ b/a.txt
@@ -1,2 +1,3 @@
 hello world!
 jihye
+add

C:\Users\JIHYE\Desktop\projects\python_basic>git add a.txt

C:\Users\JIHYE\Desktop\projects\python_basic>git diff

C:\Users\JIHYE\Desktop\projects\python_basic>git status
On branch master

No commits yet

Changes to be committed:
  (use "git rm --cached <file>..." to unstage)
        new file:   a.txt

Untracked files:
  (use "git add <file>..." to include in what will be committed)
        .gitignore


C:\Users\JIHYE\Desktop\projects\python_basic>git commit -m "test a"
[master (root-commit) 98e46d8] test a
 1 file changed, 3 insertions(+)
 create mode 100644 a.txt

C:\Users\JIHYE\Desktop\projects\python_basic>git log
commit 98e46d8ab59883f647caa0e1bd532f0e3cd27c17 (HEAD -> master)
Author: JIHYE <wisdo0115@gmail.com>
Date:   Thu Jan 7 16:30:44 2021 +0900

    test a

C:\Users\JIHYE\Desktop\projects\python_basic>echo add2 >> a.txt

C:\Users\JIHYE\Desktop\projects\python_basic>git commit -am "second test"
[master aa92565] second test
 1 file changed, 1 insertion(+)

C:\Users\JIHYE\Desktop\projects\python_basic>git status -s
?? .gitignore

C:\Users\JIHYE\Desktop\projects\python_basic>git remote

C:\Users\JIHYE\Desktop\projects\python_basic>git remote add origin https://github.com/jihye0115/python_basic.git

C:\Users\JIHYE\Desktop\projects\python_basic>git branch -M main

C:\Users\JIHYE\Desktop\projects\python_basic>git push -u origin main
remote: Invalid username or password.
fatal: Authentication failed for 'https://github.com/jihye0115/python_basic.git/'

C:\Users\JIHYE\Desktop\projects\python_basic>git push -u origin main
info: please complete authentication in your browser...
Enumerating objects: 6, done.
Counting objects: 100% (6/6), done.
Delta compression using up to 8 threads
Compressing objects: 100% (2/2), done.
Writing objects: 100% (6/6), 465 bytes | 33.00 KiB/s, done.
Total 6 (delta 0), reused 0 (delta 0), pack-reused 0
To https://github.com/jihye0115/python_basic.git
 * [new branch]      main -> main
Branch 'main' set up to track remote branch 'main' from 'origin'.

C:\Users\JIHYE\Desktop\projects\python_basic>git status
On branch main
Your branch is up to date with 'origin/main'.

Changes not staged for commit:
  (use "git add/rm <file>..." to update what will be committed)
  (use "git restore <file>..." to discard changes in working directory)
        deleted:    a.txt

Untracked files:
  (use "git add <file>..." to include in what will be committed)
        .gitignore

no changes added to commit (use "git add" and/or "git commit -a")

C:\Users\JIHYE\Desktop\projects\python_basic>git commit -am "done"
[main 0f736b5] done
 1 file changed, 4 deletions(-)
 delete mode 100644 a.txt

C:\Users\JIHYE\Desktop\projects\python_basic>git status
On branch main
Your branch is ahead of 'origin/main' by 1 commit.
  (use "git push" to publish your local commits)

Untracked files:
  (use "git add <file>..." to include in what will be committed)
        .gitignore

nothing added to commit but untracked files present (use "git add" to track)

C:\Users\JIHYE\Desktop\projects\python_basic>git push -u origin main
Enumerating objects: 3, done.
Counting objects: 100% (3/3), done.
Writing objects: 100% (2/2), 189 bytes | 23.00 KiB/s, done.
Total 2 (delta 0), reused 0 (delta 0), pack-reused 0
To https://github.com/jihye0115/python_basic.git
   aa92565..0f736b5  main -> main
Branch 'main' set up to track remote branch 'main' from 'origin'.

C:\Users\JIHYE\Desktop\projects\python_basic>git push
Everything up-to-date

C:\Users\JIHYE\Desktop\projects\python_basic>